[debug] [2026-04-17T13:50:59.601Z] ----------------------------------------------------------------------
[debug] [2026-04-17T13:50:59.603Z] Command:       C:\Program Files\nodejs\node.exe C:\Users\Leonardo Dulci\AppData\Roaming\npm\node_modules\firebase-tools\lib\bin\firebase.js deploy
[debug] [2026-04-17T13:50:59.604Z] CLI Version:   14.21.0
[debug] [2026-04-17T13:50:59.604Z] Platform:      win32
[debug] [2026-04-17T13:50:59.604Z] Node Version:  v22.18.0
[debug] [2026-04-17T13:50:59.604Z] Time:          Fri Apr 17 2026 10:50:59 GMT-0300 (Horário Padrão de Brasília)
[debug] [2026-04-17T13:50:59.604Z] ----------------------------------------------------------------------
[debug] 
[debug] [2026-04-17T13:50:59.606Z] >>> [apiv2][query] GET https://firebase-public.firebaseio.com/cli.json [none]
[debug] [2026-04-17T13:50:59.882Z] > command requires scopes: ["email","openid","https://www.googleapis.com/auth/cloudplatformprojects.readonly","https://www.googleapis.com/auth/firebase","https://www.googleapis.com/auth/cloud-platform"]
[debug] [2026-04-17T13:50:59.882Z] > authorizing via signed-in user (leonardodulci@gmail.com)
[debug] [2026-04-17T13:50:59.882Z] [iam] checking project siteluanagomes for permissions ["firebase.projects.get","firebasehosting.sites.update"]
[debug] [2026-04-17T13:50:59.883Z] Checked if tokens are valid: false, expires at: 1761243755700
[debug] [2026-04-17T13:50:59.883Z] Checked if tokens are valid: false, expires at: 1761243755700
[debug] [2026-04-17T13:50:59.883Z] > refreshing access token with scopes: []
[debug] [2026-04-17T13:50:59.884Z] >>> [apiv2][query] POST https://www.googleapis.com/oauth2/v3/token [none]
[debug] [2026-04-17T13:50:59.884Z] >>> [apiv2][body] POST https://www.googleapis.com/oauth2/v3/token [omitted]
[debug] [2026-04-17T13:51:00.159Z] <<< [apiv2][status] POST https://www.googleapis.com/oauth2/v3/token 200
[debug] [2026-04-17T13:51:00.160Z] <<< [apiv2][body] POST https://www.googleapis.com/oauth2/v3/token [omitted]
[debug] [2026-04-17T13:51:00.170Z] >>> [apiv2][query] POST https://cloudresourcemanager.googleapis.com/v1/projects/siteluanagomes:testIamPermissions [none]
[debug] [2026-04-17T13:51:00.170Z] >>> [apiv2][(partial)header] POST https://cloudresourcemanager.googleapis.com/v1/projects/siteluanagomes:testIamPermissions x-goog-quota-user=projects/siteluanagomes
[debug] [2026-04-17T13:51:00.170Z] >>> [apiv2][body] POST https://cloudresourcemanager.googleapis.com/v1/projects/siteluanagomes:testIamPermissions {"permissions":["firebase.projects.get","firebasehosting.sites.update"]}
[debug] [2026-04-17T13:51:00.306Z] <<< [apiv2][status] GET https://firebase-public.firebaseio.com/cli.json 200
[debug] [2026-04-17T13:51:00.306Z] <<< [apiv2][body] GET https://firebase-public.firebaseio.com/cli.json {"cloudBuildErrorAfter":1594252800000,"cloudBuildWarnAfter":1590019200000,"defaultNode10After":1594252800000,"minVersion":"3.0.5","node8DeploysDisabledAfter":1613390400000,"node8RuntimeDisabledAfter":1615809600000,"node8WarnAfter":1600128000000}
[debug] [2026-04-17T13:51:01.091Z] <<< [apiv2][status] POST https://cloudresourcemanager.googleapis.com/v1/projects/siteluanagomes:testIamPermissions 200
[debug] [2026-04-17T13:51:01.091Z] <<< [apiv2][body] POST https://cloudresourcemanager.googleapis.com/v1/projects/siteluanagomes:testIamPermissions {"permissions":["firebase.projects.get","firebasehosting.sites.update"]}
[debug] [2026-04-17T13:51:01.092Z] Checked if tokens are valid: true, expires at: 1776437459160
[debug] [2026-04-17T13:51:01.092Z] Checked if tokens are valid: true, expires at: 1776437459160
[debug] [2026-04-17T13:51:01.092Z] >>> [apiv2][query] GET https://firebase.googleapis.com/v1beta1/projects/siteluanagomes [none]
[debug] [2026-04-17T13:51:01.600Z] <<< [apiv2][status] GET https://firebase.googleapis.com/v1beta1/projects/siteluanagomes 200
[debug] [2026-04-17T13:51:01.600Z] <<< [apiv2][body] GET https://firebase.googleapis.com/v1beta1/projects/siteluanagomes {"projectId":"siteluanagomes","projectNumber":"314890403435","displayName":"siteluanagomes","name":"projects/siteluanagomes","resources":{"hostingSite":"siteluanagomes"},"state":"ACTIVE","etag":"1_1494fe3b-0765-4ec7-8007-cc7bec88cab7"}
[info] 
[info] === Deploying to 'siteluanagomes'...
[info] 
[info] i  deploying hosting 
[debug] [2026-04-17T13:51:01.605Z] Checked if tokens are valid: true, expires at: 1776437459160
[debug] [2026-04-17T13:51:01.605Z] Checked if tokens are valid: true, expires at: 1776437459160
[debug] [2026-04-17T13:51:01.605Z] >>> [apiv2][query] POST https://firebasehosting.googleapis.com/v1beta1/projects/-/sites/luanagbeauty/versions [none]
[debug] [2026-04-17T13:51:01.605Z] >>> [apiv2][body] POST https://firebasehosting.googleapis.com/v1beta1/projects/-/sites/luanagbeauty/versions {"status":"CREATED","labels":{"deployment-tool":"cli-firebase"}}
[debug] [2026-04-17T13:51:03.500Z] <<< [apiv2][status] POST https://firebasehosting.googleapis.com/v1beta1/projects/-/sites/luanagbeauty/versions 200
[debug] [2026-04-17T13:51:03.500Z] <<< [apiv2][body] POST https://firebasehosting.googleapis.com/v1beta1/projects/-/sites/luanagbeauty/versions {"name":"projects/314890403435/sites/luanagbeauty/versions/8421ed9ba7b34b1c","status":"CREATED","config":{},"labels":{"deployment-tool":"cli-firebase"}}
[info] i  hosting[luanagbeauty]: beginning deploy... 
[info] i  hosting[luanagbeauty]: found 83 files in public 
[debug] [2026-04-17T13:51:03.516Z] [hosting] uploading with 200 concurrency
[debug] [2026-04-17T13:51:03.537Z] Checked if tokens are valid: true, expires at: 1776437459160
[debug] [2026-04-17T13:51:03.537Z] Checked if tokens are valid: true, expires at: 1776437459160
[debug] [2026-04-17T13:51:03.538Z] [hosting] hash cache [cHVibGlj] stored for 83 files
[debug] [2026-04-17T13:51:03.539Z] [hosting][hash queue][FINAL] {"max":18,"min":0,"avg":1.4901768457777351,"active":0,"complete":83,"success":83,"errored":0,"retried":0,"total":83,"elapsed":20}
[debug] [2026-04-17T13:51:03.539Z] >>> [apiv2][query] POST https://firebasehosting.googleapis.com/v1beta1/projects/314890403435/sites/luanagbeauty/versions/8421ed9ba7b34b1c:populateFiles [none]
[debug] [2026-04-17T13:51:03.539Z] >>> [apiv2][body] POST https://firebasehosting.googleapis.com/v1beta1/projects/314890403435/sites/luanagbeauty/versions/8421ed9ba7b34b1c:populateFiles {"files":{"/style.css":"a61a4dff215f8c34ebf0f1fb9e86992032aa297abc0130e5f69b192d90fd163a","/noivas.html":"dbe934ac753a952e9e8d8628b21fa729a2c34e6f0f726d2d58466e56e24e881a","/mediacel.css":"901123fcc345998320b48265a51cbdafd79077a8061949587fcfc30daadecb07","/main.js":"2f5c969184b78d1aaf6c42feac2f83cd5b9ef9da67448d851da2d8c714e70ba3","/galeriaEnsaio.html":"9fb9466889fd2bad7ae03ff2146d2fbdb8cd39b7fc5ebe8eda4f7f4341e4af6a","/galeria-noivasMOBILE.css":"74fa45c3f85617931757cd11eb1fbd01b8f701929175edaf563cdc1669f0d758","/galeria-noivas.css":"d2913145b77a316032b208ad5969b318059affb07970dc5a2d5fb6ddccc0c8fe","/galeria-eventos.html":"12dd6a1b4cddc35cd8a515467fef7b2a1e9e566388133a2dfd5ca564ca80a16c","/galeria-eventos.css":"e3ba984180f5db390ef57d6b8f3739d5e10630b53c073415a072e7d5da14ef9a","/galeria-EnsaioFoto.css":"afaa692291f9a855e0f95bb0ba3a45f9d911322a7a7cd94bdf2163e5b1895e80","/formRecaptcha.js":"ebfa8040f05a03215d81e124325b53c812178cf895e8a6687e33525f46cdbd0b","/imgMobile/wppbranco.png":"4a04fd623cd511aa7d0f98a397fe822a8125bec55fc1a0c4883aebc2fb81f11f","/imgMobile/whatsapp.png":"b490e2370c70fd2035367feac2a1475f5dfaffdf082fab56148096533e1daf39","/imgMobile/noivaErica1.JPG":"7384e1df0af875797e7c0960db14516b012c1d2d668c818090fc35f0876bb67a","/imgMobile/noiva01.JPG":"25bdd6cc090d79fe7d50188e6f3e591823deb22a37c886105129aa19225a6a61","/imgMobile/logo2.png":"457e1286f9d4465e2efe0bafa6e2ca4edd2fd9e96036b3c22848feff4fdaca68","/imgMobile/logo.png":"ca391c07e7476b2de4589f8ed8e7cfa3df1aa4908d28cb2955c01cd8a04d5be8","/imgMobile/IMG_8881.jpg":"7e4ed626805d66a50ff3f8da358faf68852cad3791b9e044e35fe7d7d4ab45a6","/imgMobile/IMG_2860-Editar.png":"1b9b723ba2ec5e4a6d1ab116990748cfbfb433f121f9670753621057a71a8e0b","/imgMobile/IMG_2753-Editar.jpg":"e30b252252aacab86df5047d06e6ecb2b2ba33c58c78dc996e91e1435c3381d3","/imgMobile/IMG_1171.jpg":"508e6a1efd9d1cb2fb95b823ab40a9365b26341a579cfa10b40b8c03d554deee","/imgMobile/imgLivia02.png":"f9ec26b3d35a8e2d76cb262345769095f6b97dc6d320e414fa707e4c08bd2562","/imgMobile/imgLivia01.png":"80cbbe8d991b141d6ee265c9377c21e86c755002a62ffd1dc49420a835beac04","/imgMobile/img.luana.png":"4372cf18c2b9ab425af022bd19cc117fd8f37217ba9d79ca2d05deab06aa978e","/imgMobile/iconetik.png":"ba04c8cb29a502661b997887093f36309f80fffc7a1f592040b7d8a0c974f204","/imgMobile/fotoTiaClelia.png":"90ac846b0f63116fc400ce3e59133bfd01f55fdb7e09dfc2a86e6ca2b1dc32aa","/imgMobile/fotoSandraNova.png":"16ffa6200b0d878fb06a16260d8d1be8d55f89306c869e5af42c1a7aeee295b2","/imgMobile/fotosandra2.png":"e84e9122ff9525ce7d1a167192c970e95954d591986f8e33d19f9b1c1d4f576d","/imgMobile/fotosandra.jpeg":"73cfc125d35fc8166ffe46b2b5fee4749b5357f5a6542912fe57db659bce9976","/imgMobile/fotonovaMOBILE2.png":"de537ece502ab769c727607da8d3666f6df26c1b5bfcdfb409c86c7a451006eb","/imgMobile/fotonovaMOBILE.png":"d96475fd8687c967ae6e77f658e5b2a12ef77f48d62636074f1c3a0101a623b6","/imgMobile/fotonova2.png":"a735402ea6bd6b4a62e1afbc5da5432292462f2bea23f8899e759368519df41a","/imgMobile/fotonova1.png":"b8a731f600c16d28fa0027afc7b818cc95fd58f3503eb6ee8aab6d0a2cc55e3f","/imgMobile/fotonova04.jpg":"1c77ed364c6bb95dbb16652f8c7ff81d7a2ecf48659c63acae714a1bccb29df8","/imgMobile/fotonova03.png":"fa7ddcfdd3ecaa6c6b22b612f9a38a10679af43999501b1be4c4b293cff09f11","/imgMobile/fotoLaressa.png":"1a8f08f24128a9ef7a24d5950f1b1ac1cfbee2a2e84cfd78d8b3deafc12d4f52","/imgMobile/fotoisabela.jpeg":"389cedadad071b2b97c7b4f70d3e7824bc442c0c886ebe8b1478c182f9ba2cd3","/imgMobile/fotoDRAgabi.JPG":"e7ced5f4de4c693bebaad538c83974dd1c8996135def62b2d418848aea851e42","/imgMobile/fotoBarbara.JPG":"84a8fa4850f26c386a9953dfdaea1931acc044894a45950629585b6375824180","/imgMobile/fotoAlba3.JPG":"2ec8f1f65daa201c0bd08dd8ebfa840f6fe4cef25c888008f124b9075f5f21e5","/imgMobile/fotoAlba2.JPG":"cc4bb6e7202a56fede5c56bd9d0838861daf3649d93c0de816a44dc3ef10d274","/imgMobile/fotoAlba.jpg":"6b80bdd47b8a589539b4627eec4aeb0c24efa50ba0b74a14097464fb24b1c649","/imgMobile/foto14.png":"8cc8e890a4549af80e5782f7f719e418433b3871c1266127aba2b281beec147e","/imgMobile/foto13.png":"46f95a9c1065a6ac658b67958f2772640998e4a33d6d8ad2e6c33702764244ea","/imgMobile/foto13.jpg":"e016ebbc25558f47a6158e95aa8498f1766d237792db06e08c50b4492d1a77a1","/imgMobile/foto12.png":"b0493ccb10ff51a483ec6fad71829644455285e7a8b9725a7b4aa701d5aaf414","/imgMobile/foto11.png":"289fd5f48a517add156d23aae22e7e798421f2fb1ab79b62967dad549911aced","/imgMobile/foto10.png":"db7515c6e68c6b95cb6a62bd004bc7e5d23affa31095fe8522d6d280495e6486","/imgMobile/foto08.JPG":"ffb9b3b6a0a13b92e3221c6365c024628fed758214bca20948639a749292c957","/imgMobile/foto07.png":"c1aa2a41508d21f93753205685d91b2ca4c7d534b6242f8c53413985dbfdfecc","/imgMobile/foto06.png":"e62c43e506b12c6320325bbd6cc61415765225d5712a9cef53c5f07af038ab54","/imgMobile/foto05.MP4":"d0cca0fa364b9d94b136d1864343c107f73818013d721d8f2711d4b8979601d9","/imgMobile/foto04.png":"7617d2ed0c6bd41d49ec676bf1b0de99c48b62c6fd7efd4e39eac9a5d107aa90","/imgMobile/foto03.png":"b8019bd9c2c449d190603fd5babc304e42294e5d2bd823d9aab72bf3bcf1867e","/imgMobile/foto02 (2).png":"79d92bc6fb9d8c01110d05077278fa9646e85a74dfb555950984df0a9c121404","/imgMobile/foto01.png":"c4a9c18e08b9c33507cc7d3a2f3f311c979eb29c22b63827ff0d42765c2a43e1","/imgMobile/favicon.ico":"34050967ba037c29c64d570fc7ebd6a8148c4b847dce96dce530a50fd02f2e98","/imgMobile/favicon-32x32.png":"114bf043efd966ad2338396c918faa5dc0228edd1188d1e757f27b61c8469028","/imgMobile/eventos2.jpg":"f2a755d8af3279ce7e1092a5dc154f5d0e6b6dbe9b9f7c39d9ebc51a0eabf5e5","/imgMobile/eventos.jpg":"a6c8bd01e65dc821eefc4614cc99c7efca2a179ceee02c4571a84547ea78df5b","/imgMobile/evento8.jpg":"314d2ffeb1ae75228e498d011061d70c0df39ec2b000fd9faafc07ce5da9123c","/imgMobile/evento7.jpg":"68091f84bcc2e4d8313790d88accb0e90c346955e43002bbaa1e188765f4a655","/imgMobile/evento6.jpg":"d5a0a4be0873ed08cd7d8d169525924826b58698995d77451f1b644fd5d8bea2","/imgMobile/evento5.jpg":"744aba4336e620406c499db616fd927fc1d30c1e38fd3a511aa39cd8d257942b","/imgMobile/evento4.jpg":"a25a89235c833cb2d0a9168290c1cfc9d751851f17d0d856dce3047a39e5aab7","/imgMobile/evento3.jpg":"95cdb66923a060635694c4fc7fdee7b200b99cee2615dd95781d94c1af54b043","/imgMobile/ensaiofoto2.jpg":"0d71626a06605e1cd6b7e6978c02edd565198197d97edfcff091a6b6de580afb","/imgMobile/ensaiofoto.jpg":"30e3d4cbfe49266676a27bffa2db5e9adc940c7005eb135af909187774945774","/imgMobile/ensaio5.jpg":"48fdc5f713be7156ebc976b83a0f71a5cc621fc20a9a67b2add1ce880681a973","/imgMobile/ensaio4.jpg":"1173d518cbd929489c29c3aa7eba0e6fcc7ad08b2868dc3e14e1d91427c73b45","/imgMobile/ensaio3.jpg":"a66a7add3089cd589c8590b434030837bcdcfc179ff613bb43019a3f36096e64","/imgMobile/Cliente5.png":"3c360065d03285f93a6d18492ff2bb0b3e8622504e700cfa0805ef19e60f6271","/imgMobile/avaliacaogmakes2.png":"53d4537fbafaad2111b5e1c6ae5d8376aefa9e5f9ab6f189122cf7029cb80751","/imgMobile/avaliacaogmakes.png":"137cd7a2a997cf0e7cd1f4d8709924ac5042ff27815b7f1a05cedc94490b130d","/imgMobile/avaliacao.png":"bd5cb6f55d5fc6ca30978c6127ef51c06da8546e96a965a0d135538f5f6c743e","/imgMobile/avabia.png":"bb1653cc18feffdba37931a22c754cb9f3824e622c3b23f251f80f88f4a10f46","/imgMobile/ava8.png":"53eea919c29849d31e802aacc3a23176ef90e8ad34bb65adcbb48a0894838567","/imgMobile/ava7.png":"f73e422e611f97f816620e6990f0ab33ef4c5ed566fe3aafa7eceb894a4e78ac","/imgMobile/ava6.png":"584388e4e0641ee07b3ad17135b206731bab281ab08d131e60d839d3797957c5","/imgMobile/ava5.png":"05988f9c3084a76c2013eab28417620f2d90274bb4a2780fb59cd042fac11675","/imgMobile/121.png":"c04fd7ed370338758c531cef9c43420618275c305381166a356cc8b0b66370b6","/fonte/dream orphanage rg.otf":"e6e16e7898bc9a17d4cb95784e53c88939f68371dcc46c9887b0bf9e27cceb45","/index.html":"c847038b3d7d2c00227ff22ac932b47445e32982d44d3f3fb91ba5c4598f0972"}}
[debug] [2026-04-17T13:51:04.400Z] <<< [apiv2][status] POST https://firebasehosting.googleapis.com/v1beta1/projects/314890403435/sites/luanagbeauty/versions/8421ed9ba7b34b1c:populateFiles 200
[debug] [2026-04-17T13:51:04.400Z] <<< [apiv2][body] POST https://firebasehosting.googleapis.com/v1beta1/projects/314890403435/sites/luanagbeauty/versions/8421ed9ba7b34b1c:populateFiles {"uploadRequiredHashes":["c847038b3d7d2c00227ff22ac932b47445e32982d44d3f3fb91ba5c4598f0972"],"uploadUrl":"https://upload-firebasehosting.googleapis.com/upload/sites/luanagbeauty/versions/8421ed9ba7b34b1c/files"}
[debug] [2026-04-17T13:51:04.401Z] Checked if tokens are valid: true, expires at: 1776437459160
[debug] [2026-04-17T13:51:04.401Z] Checked if tokens are valid: true, expires at: 1776437459160
[debug] [2026-04-17T13:51:04.401Z] >>> [apiv2][query] POST https://upload-firebasehosting.googleapis.com/upload/sites/luanagbeauty/versions/8421ed9ba7b34b1c/files/c847038b3d7d2c00227ff22ac932b47445e32982d44d3f3fb91ba5c4598f0972 [none]
[debug] [2026-04-17T13:51:04.401Z] >>> [apiv2][body] POST https://upload-firebasehosting.googleapis.com/upload/sites/luanagbeauty/versions/8421ed9ba7b34b1c/files/c847038b3d7d2c00227ff22ac932b47445e32982d44d3f3fb91ba5c4598f0972 [stream]
[debug] [2026-04-17T13:51:04.402Z] [hosting][populate queue][FINAL] {"max":864,"min":864,"avg":864,"active":0,"complete":1,"success":1,"errored":0,"retried":0,"total":1,"elapsed":865}
[debug] [2026-04-17T13:51:04.402Z] [hosting] uploads queued: 1
[debug] [2026-04-17T13:51:06.030Z] <<< [apiv2][status] POST https://upload-firebasehosting.googleapis.com/upload/sites/luanagbeauty/versions/8421ed9ba7b34b1c/files/c847038b3d7d2c00227ff22ac932b47445e32982d44d3f3fb91ba5c4598f0972 200
[debug] [2026-04-17T13:51:06.031Z] <<< [apiv2][body] POST https://upload-firebasehosting.googleapis.com/upload/sites/luanagbeauty/versions/8421ed9ba7b34b1c/files/c847038b3d7d2c00227ff22ac932b47445e32982d44d3f3fb91ba5c4598f0972 [stream]
[debug] [2026-04-17T13:51:06.031Z] [hosting][upload queue][FINAL] {"max":1631,"min":1631,"avg":1631,"active":0,"complete":1,"success":1,"errored":0,"retried":0,"total":1,"elapsed":1631}
[info] +  hosting[luanagbeauty]: file upload complete 
[debug] [2026-04-17T13:51:06.031Z] [hosting] deploy completed after 2529ms
[debug] [2026-04-17T13:51:06.032Z] [
  {
    "config": {
      "site": "luanagbeauty",
      "public": "public"
    },
    "version": "projects/314890403435/sites/luanagbeauty/versions/8421ed9ba7b34b1c"
  }
]
[info] i  hosting[luanagbeauty]: finalizing version... 
[debug] [2026-04-17T13:51:06.033Z] Checked if tokens are valid: true, expires at: 1776437459160
[debug] [2026-04-17T13:51:06.033Z] Checked if tokens are valid: true, expires at: 1776437459160
[debug] [2026-04-17T13:51:06.033Z] >>> [apiv2][query] PATCH https://firebasehosting.googleapis.com/v1beta1/projects/-/sites/luanagbeauty/versions/8421ed9ba7b34b1c updateMask=status%2Cconfig
[debug] [2026-04-17T13:51:06.033Z] >>> [apiv2][body] PATCH https://firebasehosting.googleapis.com/v1beta1/projects/-/sites/luanagbeauty/versions/8421ed9ba7b34b1c {"status":"FINALIZED","config":{}}
[debug] [2026-04-17T13:51:06.626Z] <<< [apiv2][status] PATCH https://firebasehosting.googleapis.com/v1beta1/projects/-/sites/luanagbeauty/versions/8421ed9ba7b34b1c 200
[debug] [2026-04-17T13:51:06.626Z] <<< [apiv2][body] PATCH https://firebasehosting.googleapis.com/v1beta1/projects/-/sites/luanagbeauty/versions/8421ed9ba7b34b1c {"name":"projects/314890403435/sites/luanagbeauty/versions/8421ed9ba7b34b1c","status":"FINALIZED","config":{},"labels":{"deployment-tool":"cli-firebase"},"createTime":"2026-04-17T13:51:06.000617Z","createUser":{"email":"leonardodulci@gmail.com"},"finalizeTime":"2026-04-17T13:51:09.709070Z","finalizeUser":{"email":"leonardodulci@gmail.com"}}
[debug] [2026-04-17T13:51:06.626Z] [hosting] finalized version for luanagbeauty:[object Object]
[info] +  hosting[luanagbeauty]: version finalized 
[info] i  hosting[luanagbeauty]: releasing new version... 
[debug] [2026-04-17T13:51:06.627Z] Checked if tokens are valid: true, expires at: 1776437459160
[debug] [2026-04-17T13:51:06.627Z] Checked if tokens are valid: true, expires at: 1776437459160
[debug] [2026-04-17T13:51:06.627Z] >>> [apiv2][query] POST https://firebasehosting.googleapis.com/v1beta1/projects/-/sites/luanagbeauty/channels/live/releases versionName=projects%2F314890403435%2Fsites%2Fluanagbeauty%2Fversions%2F8421ed9ba7b34b1c
[debug] [2026-04-17T13:51:06.627Z] >>> [apiv2][body] POST https://firebasehosting.googleapis.com/v1beta1/projects/-/sites/luanagbeauty/channels/live/releases {}
